[
  {
    "errorCount": 0,
    "fatalErrorCount": 0,
    "fixableErrorCount": 0,
    "fixableWarningCount": 0,
    "messages": [],
    "warningCount": 0,
  },
]